Archive member included to satisfy reference by file (symbol)

../libopencm3/lib/libopencm3_stm32f4.a(vector.o)
                              (reset_handler)

Discarded input sections

 .group         0x00000000        0xc bin/main.o
 .group         0x00000000        0xc bin/main.o
 .group         0x00000000        0xc bin/main.o
 .group         0x00000000        0xc bin/main.o
 .group         0x00000000        0xc bin/main.o
 .group         0x00000000        0xc bin/main.o
 .group         0x00000000        0xc bin/main.o
 .group         0x00000000        0xc bin/main.o
 .group         0x00000000        0xc bin/main.o
 .group         0x00000000        0xc bin/main.o
 .group         0x00000000        0xc bin/main.o
 .group         0x00000000        0xc bin/main.o
 .group         0x00000000        0xc bin/main.o
 .group         0x00000000        0xc bin/main.o
 .group         0x00000000        0xc bin/main.o
 .group         0x00000000        0xc bin/main.o
 .group         0x00000000        0xc bin/main.o
 .group         0x00000000        0xc bin/main.o
 .group         0x00000000        0xc bin/main.o
 .group         0x00000000        0xc bin/main.o
 .group         0x00000000        0xc bin/main.o
 .text          0x00000000        0x0 bin/main.o
 .data          0x00000000        0x0 bin/main.o
 .bss           0x00000000        0x0 bin/main.o
 .group         0x00000000        0xc ../libopencm3/lib/libopencm3_stm32f4.a(vector.o)
 .group         0x00000000        0xc ../libopencm3/lib/libopencm3_stm32f4.a(vector.o)
 .group         0x00000000        0xc ../libopencm3/lib/libopencm3_stm32f4.a(vector.o)
 .group         0x00000000        0xc ../libopencm3/lib/libopencm3_stm32f4.a(vector.o)
 .group         0x00000000        0xc ../libopencm3/lib/libopencm3_stm32f4.a(vector.o)
 .group         0x00000000        0xc ../libopencm3/lib/libopencm3_stm32f4.a(vector.o)
 .group         0x00000000        0xc ../libopencm3/lib/libopencm3_stm32f4.a(vector.o)
 .group         0x00000000        0xc ../libopencm3/lib/libopencm3_stm32f4.a(vector.o)
 .group         0x00000000        0xc ../libopencm3/lib/libopencm3_stm32f4.a(vector.o)
 .group         0x00000000        0xc ../libopencm3/lib/libopencm3_stm32f4.a(vector.o)
 .group         0x00000000        0xc ../libopencm3/lib/libopencm3_stm32f4.a(vector.o)
 .group         0x00000000        0xc ../libopencm3/lib/libopencm3_stm32f4.a(vector.o)
 .group         0x00000000        0xc ../libopencm3/lib/libopencm3_stm32f4.a(vector.o)
 .group         0x00000000        0xc ../libopencm3/lib/libopencm3_stm32f4.a(vector.o)
 .text          0x00000000        0x0 ../libopencm3/lib/libopencm3_stm32f4.a(vector.o)
 .data          0x00000000        0x0 ../libopencm3/lib/libopencm3_stm32f4.a(vector.o)
 .bss           0x00000000        0x0 ../libopencm3/lib/libopencm3_stm32f4.a(vector.o)
 .debug_macro   0x00000000       0x76 ../libopencm3/lib/libopencm3_stm32f4.a(vector.o)
 .debug_macro   0x00000000       0x1c ../libopencm3/lib/libopencm3_stm32f4.a(vector.o)
 .debug_macro   0x00000000       0x22 ../libopencm3/lib/libopencm3_stm32f4.a(vector.o)
 .debug_macro   0x00000000       0x56 ../libopencm3/lib/libopencm3_stm32f4.a(vector.o)
 .debug_macro   0x00000000       0x51 ../libopencm3/lib/libopencm3_stm32f4.a(vector.o)
 .debug_macro   0x00000000      0x103 ../libopencm3/lib/libopencm3_stm32f4.a(vector.o)
 .debug_macro   0x00000000       0x6a ../libopencm3/lib/libopencm3_stm32f4.a(vector.o)
 .debug_macro   0x00000000      0x1df ../libopencm3/lib/libopencm3_stm32f4.a(vector.o)
 .debug_macro   0x00000000       0x22 ../libopencm3/lib/libopencm3_stm32f4.a(vector.o)
 .debug_macro   0x00000000       0xe8 ../libopencm3/lib/libopencm3_stm32f4.a(vector.o)
 .debug_macro   0x00000000       0x6e ../libopencm3/lib/libopencm3_stm32f4.a(vector.o)
 .debug_macro   0x00000000      0x22c ../libopencm3/lib/libopencm3_stm32f4.a(vector.o)

Memory Configuration

Name             Origin             Length             Attributes
ram              0x20000000         0x00020000         xrw
rom              0x08000000         0x00080000         xr
*default*        0x00000000         0xffffffff

Linker script and memory map

LOAD bin/main.o
LOAD ../libopencm3/lib/libopencm3_stm32f4.a
START GROUP
LOAD /opt/gcc_arm_13_2/bin/../lib/gcc/arm-none-eabi/13.2.1/../../../../arm-none-eabi/lib/thumb/v7e-m+fp/hard/libc_nano.a
LOAD /opt/gcc_arm_13_2/bin/../lib/gcc/arm-none-eabi/13.2.1/thumb/v7e-m+fp/hard/libgcc.a
LOAD /opt/gcc_arm_13_2/bin/../lib/gcc/arm-none-eabi/13.2.1/../../../../arm-none-eabi/lib/thumb/v7e-m+fp/hard/libnosys.a
END GROUP
START GROUP
LOAD /opt/gcc_arm_13_2/bin/../lib/gcc/arm-none-eabi/13.2.1/thumb/v7e-m+fp/hard/libgcc.a
LOAD /opt/gcc_arm_13_2/bin/../lib/gcc/arm-none-eabi/13.2.1/../../../../arm-none-eabi/lib/thumb/v7e-m+fp/hard/libc_nano.a
END GROUP
START GROUP
LOAD /opt/gcc_arm_13_2/bin/../lib/gcc/arm-none-eabi/13.2.1/thumb/v7e-m+fp/hard/libgcc.a
LOAD /opt/gcc_arm_13_2/bin/../lib/gcc/arm-none-eabi/13.2.1/../../../../arm-none-eabi/lib/thumb/v7e-m+fp/hard/libc_nano.a
END GROUP

.text           0x08000000      0x26c
 *(.vectors)
 .vectors       0x08000000      0x1ac ../libopencm3/lib/libopencm3_stm32f4.a(vector.o)
                0x08000000                vector_table
 *(.text*)
 .text.sys_tick_handler
                0x080001ac       0x18 bin/main.o
                0x080001ac                sys_tick_handler
 .text.startup.main
                0x080001c4        0x4 bin/main.o
                0x080001c4                main
 .text.blocking_handler
                0x080001c8        0x2 ../libopencm3/lib/libopencm3_stm32f4.a(vector.o)
                0x080001c8                exti0_isr
                0x080001c8                tim8_brk_tim12_isr
                0x080001c8                dma1_stream7_isr
                0x080001c8                usart3_isr
                0x080001c8                tim7_isr
                0x080001c8                dma2d_isr
                0x080001c8                uart8_isr
                0x080001c8                dma1_stream2_isr
                0x080001c8                otg_hs_isr
                0x080001c8                blocking_handler
                0x080001c8                tim5_isr
                0x080001c8                rtc_wkup_isr
                0x080001c8                otg_fs_isr
                0x080001c8                spi1_isr
                0x080001c8                i2c3_er_isr
                0x080001c8                exti2_isr
                0x080001c8                spi5_isr
                0x080001c8                usb_fs_wkup_isr
                0x080001c8                tamp_stamp_isr
                0x080001c8                can1_rx1_isr
                0x080001c8                dma2_stream0_isr
                0x080001c8                usart1_isr
                0x080001c8                i2c3_ev_isr
                0x080001c8                usage_fault_handler
                0x080001c8                can2_rx0_isr
                0x080001c8                dma1_stream6_isr
                0x080001c8                can2_rx1_isr
                0x080001c8                can1_sce_isr
                0x080001c8                tim1_cc_isr
                0x080001c8                can1_tx_isr
                0x080001c8                tim1_up_tim10_isr
                0x080001c8                sdio_isr
                0x080001c8                eth_isr
                0x080001c8                spi6_isr
                0x080001c8                dma2_stream5_isr
                0x080001c8                pvd_isr
                0x080001c8                can1_rx0_isr
                0x080001c8                rcc_isr
                0x080001c8                dma2_stream3_isr
                0x080001c8                flash_isr
                0x080001c8                uart4_isr
                0x080001c8                lcd_tft_isr
                0x080001c8                rtc_alarm_isr
                0x080001c8                exti15_10_isr
                0x080001c8                hash_rng_isr
                0x080001c8                tim1_trg_com_tim11_isr
                0x080001c8                hard_fault_handler
                0x080001c8                exti1_isr
                0x080001c8                i2c1_ev_isr
                0x080001c8                usart6_isr
                0x080001c8                spi2_isr
                0x080001c8                cryp_isr
                0x080001c8                nvic_wwdg_isr
                0x080001c8                dma1_stream1_isr
                0x080001c8                dma2_stream4_isr
                0x080001c8                exti3_isr
                0x080001c8                tim3_isr
                0x080001c8                usart2_isr
                0x080001c8                sai1_isr
                0x080001c8                fpu_isr
                0x080001c8                dma1_stream4_isr
                0x080001c8                i2c2_er_isr
                0x080001c8                i2c2_ev_isr
                0x080001c8                uart5_isr
                0x080001c8                dma2_stream6_isr
                0x080001c8                spi4_isr
                0x080001c8                adc_isr
                0x080001c8                dma2_stream7_isr
                0x080001c8                tim8_up_tim13_isr
                0x080001c8                fsmc_isr
                0x080001c8                exti4_isr
                0x080001c8                tim6_dac_isr
                0x080001c8                dma1_stream3_isr
                0x080001c8                tim8_trg_com_tim14_isr
                0x080001c8                mem_manage_handler
                0x080001c8                lcd_tft_err_isr
                0x080001c8                can2_tx_isr
                0x080001c8                exti9_5_isr
                0x080001c8                tim1_brk_tim9_isr
                0x080001c8                uart7_isr
                0x080001c8                can2_sce_isr
                0x080001c8                tim4_isr
                0x080001c8                otg_hs_wkup_isr
                0x080001c8                i2c1_er_isr
                0x080001c8                dma1_stream0_isr
                0x080001c8                tim8_cc_isr
                0x080001c8                dcmi_isr
                0x080001c8                dma2_stream2_isr
                0x080001c8                eth_wkup_isr
                0x080001c8                bus_fault_handler
                0x080001c8                otg_hs_ep1_out_isr
                0x080001c8                spi3_isr
                0x080001c8                dma1_stream5_isr
                0x080001c8                otg_hs_ep1_in_isr
                0x080001c8                tim2_isr
                0x080001c8                dma2_stream1_isr
 .text.null_handler
                0x080001ca        0x2 ../libopencm3/lib/libopencm3_stm32f4.a(vector.o)
                0x080001ca                null_handler
                0x080001ca                sv_call_handler
                0x080001ca                pend_sv_handler
                0x080001ca                debug_monitor_handler
                0x080001ca                nmi_handler
 .text.reset_handler
                0x080001cc       0xa0 ../libopencm3/lib/libopencm3_stm32f4.a(vector.o)
                0x080001cc                reset_handler
                0x0800026c                        . = ALIGN (0x4)
 *(.rodata*)
                0x0800026c                        . = ALIGN (0x4)

.glue_7         0x0800026c        0x0
 .glue_7        0x0800026c        0x0 linker stubs

.glue_7t        0x0800026c        0x0
 .glue_7t       0x0800026c        0x0 linker stubs

.vfp11_veneer   0x0800026c        0x0
 .vfp11_veneer  0x0800026c        0x0 linker stubs

.v4_bx          0x0800026c        0x0
 .v4_bx         0x0800026c        0x0 linker stubs

.iplt           0x0800026c        0x0
 .iplt          0x0800026c        0x0 bin/main.o

.rel.dyn        0x0800026c        0x0
 .rel.iplt      0x0800026c        0x0 bin/main.o

.preinit_array  0x0800026c        0x0
                0x0800026c                        . = ALIGN (0x4)
                0x0800026c                        __preinit_array_start = .
 *(.preinit_array)
                0x0800026c                        __preinit_array_end = .

.init_array     0x0800026c        0x0
                0x0800026c                        . = ALIGN (0x4)
                0x0800026c                        __init_array_start = .
 *(SORT_BY_NAME(.init_array.*))
 *(.init_array)
                0x0800026c                        __init_array_end = .

.fini_array     0x0800026c        0x0
                0x0800026c                        . = ALIGN (0x4)
                0x0800026c                        __fini_array_start = .
 *(.fini_array)
 *(SORT_BY_NAME(.fini_array.*))
                0x0800026c                        __fini_array_end = .

.ARM.extab
 *(.ARM.extab*)

.ARM.exidx      0x0800026c        0x0
                0x0800026c                        __exidx_start = .
 *(.ARM.exidx*)
                0x0800026c                        __exidx_end = .
                0x0800026c                        . = ALIGN (0x4)
                0x0800026c                        _etext = .

.noinit
 *(.noinit*)
                0x0800026c                        . = ALIGN (0x4)

.data           0x20000000        0x0 load address 0x0800026c
                0x20000000                        _data = .
 *(.data*)
 *(.ramtext*)
                0x20000000                        . = ALIGN (0x4)
                0x20000000                        _edata = .
                0x0800026c                        _data_loadaddr = LOADADDR (.data)

.igot.plt       0x20000000        0x0 load address 0x0800026c
 .igot.plt      0x20000000        0x0 bin/main.o

.bss            0x20000000        0x8 load address 0x0800026c
 *(.bss*)
 .bss.ticks     0x20000000        0x8 bin/main.o
                0x20000000                ticks
 *(COMMON)
                0x20000008                        . = ALIGN (0x4)
                0x20000008                        _ebss = .

/DISCARD/
 *(.eh_frame)
                0x20000008                        . = ALIGN (0x4)
                0x20000008                        end = .
                0x20020000                        PROVIDE (_stack = (ORIGIN (ram) + LENGTH (ram)))
OUTPUT(interrupts.elf elf32-littlearm)
LOAD linker stubs

.debug_info     0x00000000      0x3d3
 .debug_info    0x00000000       0xfa bin/main.o
 .debug_info    0x000000fa      0x2d9 ../libopencm3/lib/libopencm3_stm32f4.a(vector.o)

.debug_abbrev   0x00000000      0x206
 .debug_abbrev  0x00000000       0xa7 bin/main.o
 .debug_abbrev  0x000000a7      0x15f ../libopencm3/lib/libopencm3_stm32f4.a(vector.o)

.debug_aranges  0x00000000       0x58
 .debug_aranges
                0x00000000       0x28 bin/main.o
 .debug_aranges
                0x00000028       0x30 ../libopencm3/lib/libopencm3_stm32f4.a(vector.o)

.debug_rnglists
                0x00000000       0x39
 .debug_rnglists
                0x00000000       0x19 bin/main.o
 .debug_rnglists
                0x00000019       0x20 ../libopencm3/lib/libopencm3_stm32f4.a(vector.o)

.debug_macro    0x00000000     0x39c4
 .debug_macro   0x00000000      0x14b bin/main.o
 .debug_macro   0x0000014b      0xad2 bin/main.o
 .debug_macro   0x00000c1d       0x76 bin/main.o
 .debug_macro   0x00000c93       0x1c bin/main.o
 .debug_macro   0x00000caf       0x22 bin/main.o
 .debug_macro   0x00000cd1       0x56 bin/main.o
 .debug_macro   0x00000d27       0x51 bin/main.o
 .debug_macro   0x00000d78      0x103 bin/main.o
 .debug_macro   0x00000e7b       0x6a bin/main.o
 .debug_macro   0x00000ee5      0x1df bin/main.o
 .debug_macro   0x000010c4       0x22 bin/main.o
 .debug_macro   0x000010e6       0xe8 bin/main.o
 .debug_macro   0x000011ce       0x69 bin/main.o
 .debug_macro   0x00001237       0x6e bin/main.o
 .debug_macro   0x000012a5      0x22c bin/main.o
 .debug_macro   0x000014d1      0x286 bin/main.o
 .debug_macro   0x00001757       0x76 bin/main.o
 .debug_macro   0x000017cd      0x37e bin/main.o
 .debug_macro   0x00001b4b       0xca bin/main.o
 .debug_macro   0x00001c15       0x8e bin/main.o
 .debug_macro   0x00001ca3       0x46 bin/main.o
 .debug_macro   0x00001ce9      0xcea bin/main.o
 .debug_macro   0x000029d3       0xd3 ../libopencm3/lib/libopencm3_stm32f4.a(vector.o)
 .debug_macro   0x00002aa6      0xacc ../libopencm3/lib/libopencm3_stm32f4.a(vector.o)
 .debug_macro   0x00003572      0x452 ../libopencm3/lib/libopencm3_stm32f4.a(vector.o)

.debug_line     0x00000000      0x731
 .debug_line    0x00000000      0x369 bin/main.o
 .debug_line    0x00000369      0x3c8 ../libopencm3/lib/libopencm3_stm32f4.a(vector.o)

.debug_str      0x00000000     0xd2be
 .debug_str     0x00000000     0xd2be bin/main.o
                               0xb0a8 (size before relaxing)
 .debug_str     0x0000d2be     0x6fe4 ../libopencm3/lib/libopencm3_stm32f4.a(vector.o)

.comment        0x00000000       0x44
 .comment       0x00000000       0x44 bin/main.o
                                 0x45 (size before relaxing)
 .comment       0x00000044       0x45 ../libopencm3/lib/libopencm3_stm32f4.a(vector.o)

.ARM.attributes
                0x00000000       0x34
 .ARM.attributes
                0x00000000       0x34 bin/main.o
 .ARM.attributes
                0x00000034       0x34 ../libopencm3/lib/libopencm3_stm32f4.a(vector.o)

.debug_frame    0x00000000       0x84
 .debug_frame   0x00000000       0x38 bin/main.o
 .debug_frame   0x00000038       0x4c ../libopencm3/lib/libopencm3_stm32f4.a(vector.o)

.debug_loclists
                0x00000000       0xb6
 .debug_loclists
                0x00000000       0xb6 ../libopencm3/lib/libopencm3_stm32f4.a(vector.o)
