Archive member included to satisfy reference by file (symbol)

./deps/libopencm3/lib/libopencm3_stm32f4.a(exti_common_all.o)
                              build/main.o (exti_set_trigger)
./deps/libopencm3/lib/libopencm3_stm32f4.a(gpio_common_all.o)
                              build/main.o (gpio_toggle)
./deps/libopencm3/lib/libopencm3_stm32f4.a(gpio_common_f0234.o)
                              build/main.o (gpio_mode_setup)
./deps/libopencm3/lib/libopencm3_stm32f4.a(rcc_common_all.o)
                              build/main.o (rcc_periph_clock_enable)
./deps/libopencm3/lib/libopencm3_stm32f4.a(rcc.o)
                              build/main.o (rcc_clock_setup_pll)
./deps/libopencm3/lib/libopencm3_stm32f4.a(vector.o)
                              (reset_handler)
./deps/libopencm3/lib/libopencm3_stm32f4.a(nvic.o)
                              build/main.o (nvic_enable_irq)
./deps/libopencm3/lib/libopencm3_stm32f4.a(flash_common_all.o)
                              ./deps/libopencm3/lib/libopencm3_stm32f4.a(rcc.o) (flash_set_ws)
./deps/libopencm3/lib/libopencm3_stm32f4.a(flash_common_idcache.o)
                              ./deps/libopencm3/lib/libopencm3_stm32f4.a(rcc.o) (flash_dcache_enable)
./deps/libopencm3/lib/libopencm3_stm32f4.a(pwr.o)
                              ./deps/libopencm3/lib/libopencm3_stm32f4.a(rcc.o) (pwr_set_vos_scale)
/opt/gcc_arm_13_2/bin/../lib/gcc/arm-none-eabi/13.2.1/../../../../arm-none-eabi/lib/thumb/v7e-m+fp/hard/libc_nano.a(libc_a-memset.o)
                              build/tasks.o (memset)
/opt/gcc_arm_13_2/bin/../lib/gcc/arm-none-eabi/13.2.1/../../../../arm-none-eabi/lib/thumb/v7e-m+fp/hard/libc_nano.a(libc_a-memcpy-stub.o)
                              build/queue.o (memcpy)

Discarded input sections

 .group         0x00000000        0xc build/tasks.o
 .group         0x00000000        0xc build/tasks.o
 .group         0x00000000        0xc build/tasks.o
 .group         0x00000000        0xc build/tasks.o
 .group         0x00000000        0xc build/tasks.o
 .group         0x00000000        0xc build/tasks.o
 .group         0x00000000        0xc build/tasks.o
 .group         0x00000000        0xc build/tasks.o
 .group         0x00000000        0xc build/tasks.o
 .group         0x00000000        0xc build/tasks.o
 .group         0x00000000        0xc build/tasks.o
 .group         0x00000000        0xc build/tasks.o
 .group         0x00000000        0xc build/tasks.o
 .group         0x00000000        0xc build/tasks.o
 .group         0x00000000        0xc build/tasks.o
 .group         0x00000000        0xc build/tasks.o
 .group         0x00000000        0xc build/tasks.o
 .group         0x00000000        0xc build/tasks.o
 .group         0x00000000        0xc build/tasks.o
 .group         0x00000000        0xc build/tasks.o
 .group         0x00000000        0xc build/tasks.o
 .group         0x00000000        0xc build/tasks.o
 .group         0x00000000        0xc build/tasks.o
 .group         0x00000000        0xc build/tasks.o
 .group         0x00000000        0xc build/tasks.o
 .group         0x00000000        0xc build/tasks.o
 .group         0x00000000        0xc build/tasks.o
 .group         0x00000000        0xc build/tasks.o
 .group         0x00000000        0xc build/tasks.o
 .group         0x00000000        0xc build/tasks.o
 .group         0x00000000        0xc build/tasks.o
 .group         0x00000000        0xc build/tasks.o
 .group         0x00000000        0xc build/tasks.o
 .group         0x00000000        0xc build/tasks.o
 .group         0x00000000        0xc build/tasks.o
 .group         0x00000000        0xc build/tasks.o
 .text          0x00000000        0x0 build/tasks.o
 .data          0x00000000        0x0 build/tasks.o
 .bss           0x00000000        0x0 build/tasks.o
 .text.prvAddCurrentTaskToDelayedList
                0x00000000       0xa0 build/tasks.o
 .text.prvTaskIsTaskSuspended
                0x00000000       0x38 build/tasks.o
 .text.prvIdleTask
                0x00000000       0x68 build/tasks.o
 .text.xTaskCreate
                0x00000000      0x1d0 build/tasks.o
 .text.vTaskDelete
                0x00000000       0xe0 build/tasks.o
 .text.eTaskGetState
                0x00000000       0x84 build/tasks.o
 .text.uxTaskPriorityGet
                0x00000000       0x1c build/tasks.o
 .text.uxTaskPriorityGetFromISR
                0x00000000       0x30 build/tasks.o
 .text.vTaskPrioritySet
                0x00000000       0xe4 build/tasks.o
 .text.vTaskResume
                0x00000000       0x98 build/tasks.o
 .text.xTaskResumeFromISR
                0x00000000       0xc0 build/tasks.o
 .rodata.vTaskStartScheduler.str1.1
                0x00000000        0x5 build/tasks.o
 .text.vTaskStartScheduler
                0x00000000       0x80 build/tasks.o
 .text.vTaskEndScheduler
                0x00000000       0x20 build/tasks.o
 .text.vTaskSuspendAll
                0x00000000       0x10 build/tasks.o
 .text.xTaskGetTickCount
[...]
Memory Configuration

Name             Origin             Length             Attributes
ram              0x20000000         0x00020000         xrw
rom              0x08000000         0x00080000         xr
*default*        0x00000000         0xffffffff

Linker script and memory map

LOAD build/tasks.o
LOAD build/queue.o
LOAD build/list.o
LOAD build/timers.o
LOAD build/event_groups.o
LOAD build/heap_4.o
LOAD build/port.o
LOAD build/main.o
LOAD build/setup.o
LOAD ./deps/libopencm3/lib/libopencm3_stm32f4.a
START GROUP
LOAD /opt/gcc_arm_13_2/bin/../lib/gcc/arm-none-eabi/13.2.1/../../../../arm-none-eabi/lib/thumb/v7e-m+fp/hard/libc_nano.a
LOAD /opt/gcc_arm_13_2/bin/../lib/gcc/arm-none-eabi/13.2.1/thumb/v7e-m+fp/hard/libgcc.a
LOAD /opt/gcc_arm_13_2/bin/../lib/gcc/arm-none-eabi/13.2.1/../../../../arm-none-eabi/lib/thumb/v7e-m+fp/hard/libnosys.a
END GROUP
START GROUP
LOAD /opt/gcc_arm_13_2/bin/../lib/gcc/arm-none-eabi/13.2.1/thumb/v7e-m+fp/hard/libgcc.a
LOAD /opt/gcc_arm_13_2/bin/../lib/gcc/arm-none-eabi/13.2.1/../../../../arm-none-eabi/lib/thumb/v7e-m+fp/hard/libc_nano.a
END GROUP
START GROUP
LOAD /opt/gcc_arm_13_2/bin/../lib/gcc/arm-none-eabi/13.2.1/thumb/v7e-m+fp/hard/libgcc.a
LOAD /opt/gcc_arm_13_2/bin/../lib/gcc/arm-none-eabi/13.2.1/../../../../arm-none-eabi/lib/thumb/v7e-m+fp/hard/libc_nano.a
END GROUP

.text           0x08000000      0xb9c
 *(.vectors)
 .vectors       0x08000000      0x1ac ./deps/libopencm3/lib/libopencm3_stm32f4.a(vector.o)
                0x08000000                vector_table
 *(.text*)
 .text.prvResetNextTaskUnblockTime
                0x080001ac       0x24 build/tasks.o
 .text.xTaskIncrementTick
                0x080001d0      0x16c build/tasks.o
                0x080001d0                xTaskIncrementTick
 .text.vTaskSwitchContext
                0x0800033c       0x74 build/tasks.o
                0x0800033c                vTaskSwitchContext
 .text.sv_call_handler
                0x080003b0       0x24 build/port.o
                0x080003b0                sv_call_handler
 *fill*         0x080003d4        0xc 
 .text.pend_sv_handler
                0x080003e0       0x64 build/port.o
                0x080003e0                pend_sv_handler
 .text.sys_tick_handler
                0x08000444       0x2c build/port.o
                0x08000444                sys_tick_handler
 .text.startup.main
                0x08000470       0x6c build/main.o
                0x08000470                main
 .text.exti15_10_isr
                0x080004dc       0x28 build/main.o
                0x080004dc                exti15_10_isr
 .text.exti_set_trigger
                0x08000504       0x48 ./deps/libopencm3/lib/libopencm3_stm32f4.a(exti_common_all.o)
                0x08000504                exti_set_trigger
 .text.exti_enable_request
                0x0800054c       0x1c ./deps/libopencm3/lib/libopencm3_stm32f4.a(exti_common_all.o)
                0x0800054c                exti_enable_request
 .text.exti_reset_request
                0x08000568        0xc ./deps/libopencm3/lib/libopencm3_stm32f4.a(exti_common_all.o)
                0x08000568                exti_reset_request
 .text.exti_get_flag_status
                0x08000574       0x10 ./deps/libopencm3/lib/libopencm3_stm32f4.a(exti_common_all.o)
                0x08000574                exti_get_flag_status
 .text.exti_select_source
                0x08000584       0xe0 ./deps/libopencm3/lib/libopencm3_stm32f4.a(exti_common_all.o)
                0x08000584                exti_select_source
 .text.gpio_toggle
                0x08000664       0x12 ./deps/libopencm3/lib/libopencm3_stm32f4.a(gpio_common_all.o)
                0x08000664                gpio_toggle
 .text.gpio_mode_setup
                0x08000676       0x40 ./deps/libopencm3/lib/libopencm3_stm32f4.a(gpio_common_f0234.o)
                0x08000676                gpio_mode_setup
 .text.rcc_periph_clock_enable
                0x080006b6       0x1a ./deps/libopencm3/lib/libopencm3_stm32f4.a(rcc_common_all.o)
                0x080006b6                rcc_periph_clock_enable
 .text.rcc_is_osc_ready
                0x080006d0       0x64 ./deps/libopencm3/lib/libopencm3_stm32f4.a(rcc.o)
                0x080006d0                rcc_is_osc_ready
 .text.rcc_wait_for_osc_ready
                0x08000734       0x10 ./deps/libopencm3/lib/libopencm3_stm32f4.a(rcc.o)
                0x08000734                rcc_wait_for_osc_ready
 .text.rcc_osc_on
                0x08000744       0x74 ./deps/libopencm3/lib/libopencm3_stm32f4.a(rcc.o)
                0x08000744                rcc_osc_on
 .text.rcc_osc_off
                0x080007b8       0x74 ./deps/libopencm3/lib/libopencm3_stm32f4.a(rcc.o)
                0x080007b8                rcc_osc_off
 .text.rcc_set_sysclk_source
                0x0800082c       0x18 ./deps/libopencm3/lib/libopencm3_stm32f4.a(rcc.o)
                0x0800082c                rcc_set_sysclk_source
 .text.rcc_set_ppre2
                0x08000844       0x18 ./deps/libopencm3/lib/libopencm3_stm32f4.a(rcc.o)
                0x08000844                rcc_set_ppre2
 .text.rcc_set_ppre1
                0x0800085c       0x18 ./deps/libopencm3/lib/libopencm3_stm32f4.a(rcc.o)
                0x0800085c                rcc_set_ppre1
 .text.rcc_set_hpre
                0x08000874       0x18 ./deps/libopencm3/lib/libopencm3_stm32f4.a(rcc.o)
                0x08000874                rcc_set_hpre
 .text.rcc_set_main_pll_hsi
                0x0800088c       0x44 ./deps/libopencm3/lib/libopencm3_stm32f4.a(rcc.o)
                0x0800088c                rcc_set_main_pll_hsi
 .text.rcc_set_main_pll_hse
                0x080008d0       0x44 ./deps/libopencm3/lib/libopencm3_stm32f4.a(rcc.o)
                0x080008d0                rcc_set_main_pll_hse
 .text.rcc_clock_setup_pll
                0x08000914       0xe4 ./deps/libopencm3/lib/libopencm3_stm32f4.a(rcc.o)
                0x08000914                rcc_clock_setup_pll
 .text.blocking_handler
                0x080009f8        0x2 ./deps/libopencm3/lib/libopencm3_stm32f4.a(vector.o)
                0x080009f8                exti0_isr
                0x080009f8                tim8_brk_tim12_isr
                0x080009f8                dma1_stream7_isr
                0x080009f8                usart3_isr
                0x080009f8                tim7_isr
                0x080009f8                dma2d_isr
                0x080009f8                uart8_isr
                0x080009f8                dma1_stream2_isr
                0x080009f8                otg_hs_isr
                0x080009f8                blocking_handler
                0x080009f8                tim5_isr
                0x080009f8                rtc_wkup_isr
                0x080009f8                otg_fs_isr
                0x080009f8                spi1_isr
                0x080009f8                i2c3_er_isr
                0x080009f8                exti2_isr
                0x080009f8                spi5_isr
                0x080009f8                usb_fs_wkup_isr
                0x080009f8                tamp_stamp_isr
                0x080009f8                can1_rx1_isr
                0x080009f8                dma2_stream0_isr
                0x080009f8                usart1_isr
                0x080009f8                i2c3_ev_isr
                0x080009f8                usage_fault_handler
                0x080009f8                can2_rx0_isr
                0x080009f8                dma1_stream6_isr
                0x080009f8                can2_rx1_isr
                0x080009f8                can1_sce_isr
                0x080009f8                tim1_cc_isr
                0x080009f8                can1_tx_isr
                0x080009f8                tim1_up_tim10_isr
                0x080009f8                sdio_isr
                0x080009f8                eth_isr
                0x080009f8                spi6_isr
                0x080009f8                dma2_stream5_isr
                0x080009f8                pvd_isr
                0x080009f8                can1_rx0_isr
                0x080009f8                rcc_isr
                0x080009f8                dma2_stream3_isr
                0x080009f8                flash_isr
                0x080009f8                uart4_isr
                0x080009f8                lcd_tft_isr
                0x080009f8                rtc_alarm_isr
                0x080009f8                hash_rng_isr
                0x080009f8                tim1_trg_com_tim11_isr
                0x080009f8                hard_fault_handler
                0x080009f8                exti1_isr
                0x080009f8                i2c1_ev_isr
                0x080009f8                usart6_isr
                0x080009f8                spi2_isr
                0x080009f8                cryp_isr
                0x080009f8                nvic_wwdg_isr
                0x080009f8                dma1_stream1_isr
                0x080009f8                dma2_stream4_isr
                0x080009f8                exti3_isr
                0x080009f8                tim3_isr
                0x080009f8                usart2_isr
                0x080009f8                sai1_isr
                0x080009f8                fpu_isr
                0x080009f8                dma1_stream4_isr
                0x080009f8                i2c2_er_isr
                0x080009f8                i2c2_ev_isr
                0x080009f8                uart5_isr
                0x080009f8                dma2_stream6_isr
                0x080009f8                spi4_isr
                0x080009f8                adc_isr
                0x080009f8                dma2_stream7_isr
                0x080009f8                tim8_up_tim13_isr
                0x080009f8                fsmc_isr
                0x080009f8                exti4_isr
                0x080009f8                tim6_dac_isr
                0x080009f8                dma1_stream3_isr
                0x080009f8                tim8_trg_com_tim14_isr
                0x080009f8                mem_manage_handler
                0x080009f8                lcd_tft_err_isr
                0x080009f8                can2_tx_isr
                0x080009f8                exti9_5_isr
                0x080009f8                tim1_brk_tim9_isr
                0x080009f8                uart7_isr
                0x080009f8                can2_sce_isr
                0x080009f8                tim4_isr
                0x080009f8                otg_hs_wkup_isr
                0x080009f8                i2c1_er_isr
                0x080009f8                dma1_stream0_isr
                0x080009f8                tim8_cc_isr
                0x080009f8                dcmi_isr
                0x080009f8                dma2_stream2_isr
                0x080009f8                eth_wkup_isr
                0x080009f8                bus_fault_handler
                0x080009f8                otg_hs_ep1_out_isr
                0x080009f8                spi3_isr
                0x080009f8                dma1_stream5_isr
                0x080009f8                otg_hs_ep1_in_isr
                0x080009f8                tim2_isr
                0x080009f8                dma2_stream1_isr
 .text.null_handler
                0x080009fa        0x2 ./deps/libopencm3/lib/libopencm3_stm32f4.a(vector.o)
                0x080009fa                null_handler
                0x080009fa                debug_monitor_handler
                0x080009fa                nmi_handler
 .text.reset_handler
                0x080009fc       0xa0 ./deps/libopencm3/lib/libopencm3_stm32f4.a(vector.o)
                0x080009fc                reset_handler
 .text.nvic_enable_irq
                0x08000a9c       0x18 ./deps/libopencm3/lib/libopencm3_stm32f4.a(nvic.o)
                0x08000a9c                nvic_enable_irq
 .text.flash_set_ws
                0x08000ab4       0x18 ./deps/libopencm3/lib/libopencm3_stm32f4.a(flash_common_all.o)
                0x08000ab4                flash_set_ws
 .text.flash_dcache_enable
                0x08000acc       0x14 ./deps/libopencm3/lib/libopencm3_stm32f4.a(flash_common_idcache.o)
                0x08000acc                flash_dcache_enable
 .text.flash_dcache_disable
                0x08000ae0       0x14 ./deps/libopencm3/lib/libopencm3_stm32f4.a(flash_common_idcache.o)
                0x08000ae0                flash_dcache_disable
 .text.flash_icache_enable
                0x08000af4       0x14 ./deps/libopencm3/lib/libopencm3_stm32f4.a(flash_common_idcache.o)
                0x08000af4                flash_icache_enable
 .text.flash_icache_disable
                0x08000b08       0x14 ./deps/libopencm3/lib/libopencm3_stm32f4.a(flash_common_idcache.o)
                0x08000b08                flash_icache_disable
 .text.pwr_set_vos_scale
                0x08000b1c       0x10 ./deps/libopencm3/lib/libopencm3_stm32f4.a(pwr.o)
                0x08000b1c                pwr_set_vos_scale
                0x08000b2c                        . = ALIGN (0x4)
 *(.rodata*)
 .rodata.rcc_hse_16mhz_3v3
                0x08000b2c       0x70 ./deps/libopencm3/lib/libopencm3_stm32f4.a(rcc.o)
                0x08000b2c                rcc_hse_16mhz_3v3
                0x08000b9c                        . = ALIGN (0x4)

.glue_7         0x08000b9c        0x0
 .glue_7        0x08000b9c        0x0 linker stubs

.glue_7t        0x08000b9c        0x0
 .glue_7t       0x08000b9c        0x0 linker stubs

.vfp11_veneer   0x08000b9c        0x0
 .vfp11_veneer  0x08000b9c        0x0 linker stubs

.v4_bx          0x08000b9c        0x0
 .v4_bx         0x08000b9c        0x0 linker stubs

.iplt           0x08000b9c        0x0
 .iplt          0x08000b9c        0x0 build/tasks.o

.rel.dyn        0x08000b9c        0x0
 .rel.iplt      0x08000b9c        0x0 build/tasks.o

.preinit_array  0x08000b9c        0x0
                0x08000b9c                        . = ALIGN (0x4)
                0x08000b9c                        __preinit_array_start = .
 *(.preinit_array)
                0x08000b9c                        __preinit_array_end = .

.init_array     0x08000b9c        0x0
                0x08000b9c                        . = ALIGN (0x4)
                0x08000b9c                        __init_array_start = .
 *(SORT_BY_NAME(.init_array.*))
 *(.init_array)
                0x08000b9c                        __init_array_end = .

.fini_array     0x08000b9c        0x0
                0x08000b9c                        . = ALIGN (0x4)
                0x08000b9c                        __fini_array_start = .
 *(.fini_array)
 *(SORT_BY_NAME(.fini_array.*))
                0x08000b9c                        __fini_array_end = .

.ARM.extab
 *(.ARM.extab*)

.ARM.exidx      0x08000b9c        0x0
                0x08000b9c                        __exidx_start = .
 *(.ARM.exidx*)
                0x08000b9c                        __exidx_end = .
                0x08000b9c                        . = ALIGN (0x4)
                0x08000b9c                        _etext = .

.noinit
 *(.noinit*)
                0x08000b9c                        . = ALIGN (0x4)

.data           0x20000000        0xc load address 0x08000b9c
                0x20000000                        _data = .
 *(.data*)
 .data.rcc_apb2_frequency
                0x20000000        0x4 ./deps/libopencm3/lib/libopencm3_stm32f4.a(rcc.o)
                0x20000000                rcc_apb2_frequency
 .data.rcc_apb1_frequency
                0x20000004        0x4 ./deps/libopencm3/lib/libopencm3_stm32f4.a(rcc.o)
                0x20000004                rcc_apb1_frequency
 .data.rcc_ahb_frequency
                0x20000008        0x4 ./deps/libopencm3/lib/libopencm3_stm32f4.a(rcc.o)
                0x20000008                rcc_ahb_frequency
 *(.ramtext*)
                0x2000000c                        . = ALIGN (0x4)
                0x2000000c                        _edata = .
                0x08000b9c                        _data_loadaddr = LOADADDR (.data)

.igot.plt       0x2000000c        0x0 load address 0x08000ba8
 .igot.plt      0x2000000c        0x0 build/tasks.o

.bss            0x2000000c       0x8c load address 0x08000ba8
 *(.bss*)
 .bss.uxSchedulerSuspended
                0x2000000c        0x4 build/tasks.o
 .bss.xNextTaskUnblockTime
                0x20000010        0x4 build/tasks.o
 .bss.xNumOfOverflows
                0x20000014        0x4 build/tasks.o
 .bss.xYieldPending
                0x20000018        0x4 build/tasks.o
 .bss.xPendedTicks
                0x2000001c        0x4 build/tasks.o
 .bss.uxTopReadyPriority
                0x20000020        0x4 build/tasks.o
 .bss.xTickCount
                0x20000024        0x4 build/tasks.o
 .bss.pxOverflowDelayedTaskList
                0x20000028        0x4 build/tasks.o
 .bss.pxDelayedTaskList
                0x2000002c        0x4 build/tasks.o
 .bss.pxReadyTasksLists
                0x20000030       0x64 build/tasks.o
 .bss.pxCurrentTCB
                0x20000094        0x4 build/tasks.o
                0x20000094                pxCurrentTCB
 *(COMMON)
                0x20000098                        . = ALIGN (0x4)
                0x20000098                        _ebss = .

/DISCARD/
 *(.eh_frame)
                0x20000098                        . = ALIGN (0x4)
                0x20000098                        end = .
                0x20020000                        PROVIDE (_stack = (ORIGIN (ram) + LENGTH (ram)))
OUTPUT(build/main.elf elf32-littlearm)
LOAD linker stubs

.debug_info     0x00000000     0x68c0
 .debug_info    0x00000000     0x3369 build/tasks.o
 .debug_info    0x00003369      0x57b build/port.o
 .debug_info    0x000038e4      0x8a7 build/main.o
 .debug_info    0x0000418b      0x222 ./deps/libopencm3/lib/libopencm3_stm32f4.a(exti_common_all.o)
 .debug_info    0x000043ad      0x256 ./deps/libopencm3/lib/libopencm3_stm32f4.a(gpio_common_all.o)
 .debug_info    0x00004603      0x21b ./deps/libopencm3/lib/libopencm3_stm32f4.a(gpio_common_f0234.o)
 .debug_info    0x0000481e      0x932 ./deps/libopencm3/lib/libopencm3_stm32f4.a(rcc_common_all.o)
 .debug_info    0x00005150      0xfa1 ./deps/libopencm3/lib/libopencm3_stm32f4.a(rcc.o)
 .debug_info    0x000060f1      0x2d9 ./deps/libopencm3/lib/libopencm3_stm32f4.a(vector.o)
 .debug_info    0x000063ca      0x239 ./deps/libopencm3/lib/libopencm3_stm32f4.a(nvic.o)
 .debug_info    0x00006603       0xf1 ./deps/libopencm3/lib/libopencm3_stm32f4.a(flash_common_all.o)
 .debug_info    0x000066f4       0xe9 ./deps/libopencm3/lib/libopencm3_stm32f4.a(flash_common_idcache.o)
 .debug_info    0x000067dd       0xe3 ./deps/libopencm3/lib/libopencm3_stm32f4.a(pwr.o)

.debug_abbrev   0x00000000     0x13cf
 .debug_abbrev  0x00000000      0x4d7 build/tasks.o
 .debug_abbrev  0x000004d7      0x2a0 build/port.o
 .debug_abbrev  0x00000777      0x187 build/main.o
 .debug_abbrev  0x000008fe      0x103 ./deps/libopencm3/lib/libopencm3_stm32f4.a(exti_common_all.o)
 .debug_abbrev  0x00000a01      0x115 ./deps/libopencm3/lib/libopencm3_stm32f4.a(gpio_common_all.o)
 .debug_abbrev  0x00000b16       0xc2 ./deps/libopencm3/lib/libopencm3_stm32f4.a(gpio_common_f0234.o)
 .debug_abbrev  0x00000bd8      0x185 ./deps/libopencm3/lib/libopencm3_stm32f4.a(rcc_common_all.o)
 .debug_abbrev  0x00000d5d      0x2da ./deps/libopencm3/lib/libopencm3_stm32f4.a(rcc.o)
 .debug_abbrev  0x00001037      0x15f ./deps/libopencm3/lib/libopencm3_stm32f4.a(vector.o)
 .debug_abbrev  0x00001196       0xb6 ./deps/libopencm3/lib/libopencm3_stm32f4.a(nvic.o)
 .debug_abbrev  0x0000124c       0x96 ./deps/libopencm3/lib/libopencm3_stm32f4.a(flash_common_all.o)
 .debug_abbrev  0x000012e2       0x56 ./deps/libopencm3/lib/libopencm3_stm32f4.a(flash_common_idcache.o)
 .debug_abbrev  0x00001338       0x97 ./deps/libopencm3/lib/libopencm3_stm32f4.a(pwr.o)

.debug_loclists
                0x00000000     0x223e
 .debug_loclists
                0x00000000     0x17a8 build/tasks.o
 .debug_loclists
                0x000017a8       0xa2 build/port.o
 .debug_loclists
                0x0000184a       0xaa ./deps/libopencm3/lib/libopencm3_stm32f4.a(exti_common_all.o)
 .debug_loclists
                0x000018f4       0x96 ./deps/libopencm3/lib/libopencm3_stm32f4.a(gpio_common_all.o)
 .debug_loclists
                0x0000198a       0xf9 ./deps/libopencm3/lib/libopencm3_stm32f4.a(gpio_common_f0234.o)
 .debug_loclists
                0x00001a83       0x87 ./deps/libopencm3/lib/libopencm3_stm32f4.a(rcc_common_all.o)
 .debug_loclists
                0x00001b0a      0x52f ./deps/libopencm3/lib/libopencm3_stm32f4.a(rcc.o)
 .debug_loclists
                0x00002039       0xb6 ./deps/libopencm3/lib/libopencm3_stm32f4.a(vector.o)
 .debug_loclists
                0x000020ef      0x111 ./deps/libopencm3/lib/libopencm3_stm32f4.a(nvic.o)
 .debug_loclists
                0x00002200       0x17 ./deps/libopencm3/lib/libopencm3_stm32f4.a(flash_common_all.o)
 .debug_loclists
                0x00002217       0x27 ./deps/libopencm3/lib/libopencm3_stm32f4.a(pwr.o)

.debug_aranges  0x00000000      0x5f8
 .debug_aranges
                0x00000000      0x1c8 build/tasks.o
 .debug_aranges
                0x000001c8       0x80 build/port.o
 .debug_aranges
                0x00000248       0x28 build/main.o
 .debug_aranges
                0x00000270       0x48 ./deps/libopencm3/lib/libopencm3_stm32f4.a(exti_common_all.o)
 .debug_aranges
                0x000002b8       0x50 ./deps/libopencm3/lib/libopencm3_stm32f4.a(gpio_common_all.o)
 .debug_aranges
                0x00000308       0x30 ./deps/libopencm3/lib/libopencm3_stm32f4.a(gpio_common_f0234.o)
 .debug_aranges
                0x00000338       0x80 ./deps/libopencm3/lib/libopencm3_stm32f4.a(rcc_common_all.o)
 .debug_aranges
                0x000003b8      0x110 ./deps/libopencm3/lib/libopencm3_stm32f4.a(rcc.o)
 .debug_aranges
                0x000004c8       0x30 ./deps/libopencm3/lib/libopencm3_stm32f4.a(vector.o)
 .debug_aranges
                0x000004f8       0x60 ./deps/libopencm3/lib/libopencm3_stm32f4.a(nvic.o)
 .debug_aranges
                0x00000558       0x38 ./deps/libopencm3/lib/libopencm3_stm32f4.a(flash_common_all.o)
 .debug_aranges
                0x00000590       0x48 ./deps/libopencm3/lib/libopencm3_stm32f4.a(flash_common_idcache.o)
 .debug_aranges
                0x000005d8       0x20 ./deps/libopencm3/lib/libopencm3_stm32f4.a(pwr.o)

.debug_rnglists
                0x00000000      0x583
 .debug_rnglists
                0x00000000      0x257 build/tasks.o
 .debug_rnglists
                0x00000257       0x74 build/port.o
 .debug_rnglists
                0x000002cb       0x19 build/main.o
 .debug_rnglists
                0x000002e4       0x42 ./deps/libopencm3/lib/libopencm3_stm32f4.a(exti_common_all.o)
 .debug_rnglists
                0x00000326       0x37 ./deps/libopencm3/lib/libopencm3_stm32f4.a(gpio_common_all.o)
 .debug_rnglists
                0x0000035d       0x1f ./deps/libopencm3/lib/libopencm3_stm32f4.a(gpio_common_f0234.o)
 .debug_rnglists
                0x0000037c       0x5b ./deps/libopencm3/lib/libopencm3_stm32f4.a(rcc_common_all.o)
 .debug_rnglists
                0x000003d7       0xe0 ./deps/libopencm3/lib/libopencm3_stm32f4.a(rcc.o)
 .debug_rnglists
                0x000004b7       0x20 ./deps/libopencm3/lib/libopencm3_stm32f4.a(vector.o)
 .debug_rnglists
                0x000004d7       0x43 ./deps/libopencm3/lib/libopencm3_stm32f4.a(nvic.o)
 .debug_rnglists
                0x0000051a       0x25 ./deps/libopencm3/lib/libopencm3_stm32f4.a(flash_common_all.o)
 .debug_rnglists
                0x0000053f       0x31 ./deps/libopencm3/lib/libopencm3_stm32f4.a(flash_common_idcache.o)
 .debug_rnglists
                0x00000570       0x13 ./deps/libopencm3/lib/libopencm3_stm32f4.a(pwr.o)

.debug_macro    0x00000000     0x6fd5
 .debug_macro   0x00000000      0x26a build/tasks.o
 .debug_macro   0x0000026a      0xacc build/tasks.o
 .debug_macro   0x00000d36       0x2a build/tasks.o
 .debug_macro   0x00000d60       0x22 build/tasks.o
 .debug_macro   0x00000d82       0x75 build/tasks.o
 .debug_macro   0x00000df7       0x94 build/tasks.o
 .debug_macro   0x00000e8b       0x3c build/tasks.o
 .debug_macro   0x00000ec7       0x34 build/tasks.o
 .debug_macro   0x00000efb       0x16 build/tasks.o
 .debug_macro   0x00000f11      0x11c build/tasks.o
 .debug_macro   0x0000102d       0x9b build/tasks.o
 .debug_macro   0x000010c8       0x57 build/tasks.o
 .debug_macro   0x0000111f      0x370 build/tasks.o
 .debug_macro   0x0000148f       0x16 build/tasks.o
 .debug_macro   0x000014a5       0x4a build/tasks.o
 .debug_macro   0x000014ef       0x34 build/tasks.o
 .debug_macro   0x00001523       0x10 build/tasks.o
 .debug_macro   0x00001533       0x58 build/tasks.o
 .debug_macro   0x0000158b      0x1de build/tasks.o
 .debug_macro   0x00001769       0x16 build/tasks.o
 .debug_macro   0x0000177f       0x29 build/tasks.o
 .debug_macro   0x000017a8       0x16 build/tasks.o
 .debug_macro   0x000017be       0x3c build/tasks.o
 .debug_macro   0x000017fa      0x103 build/tasks.o
 .debug_macro   0x000018fd       0x6a build/tasks.o
 .debug_macro   0x00001967      0x1df build/tasks.o
 .debug_macro   0x00001b46      0x106 build/tasks.o
 .debug_macro   0x00001c4c      0x15a build/tasks.o
 .debug_macro   0x00001da6       0xea build/tasks.o
 .debug_macro   0x00001e90       0x28 build/tasks.o
 .debug_macro   0x00001eb8       0x1f build/tasks.o
 .debug_macro   0x00001ed7       0x12 build/tasks.o
 .debug_macro   0x00001ee9      0x526 build/tasks.o
 .debug_macro   0x0000240f       0xc3 build/tasks.o
 .debug_macro   0x000024d2      0x120 build/tasks.o
 .debug_macro   0x000025f2       0x91 build/tasks.o
 .debug_macro   0x00002683       0x17 build/tasks.o
 .debug_macro   0x0000269a      0x1a7 build/port.o
 .debug_macro   0x00002841      0x190 build/port.o
 .debug_macro   0x000029d1       0x8e build/port.o
 .debug_macro   0x00002a5f       0x51 build/port.o
 .debug_macro   0x00002ab0      0x1be build/main.o
 .debug_macro   0x00002c6e      0xad8 build/main.o
 .debug_macro   0x00003746       0x1c build/main.o
 .debug_macro   0x00003762       0x22 build/main.o
 .debug_macro   0x00003784       0xe8 build/main.o
 .debug_macro   0x0000386c       0x76 build/main.o
 .debug_macro   0x000038e2       0x68 build/main.o
 .debug_macro   0x0000394a      0x22c build/main.o
 .debug_macro   0x00003b76      0x286 build/main.o
 .debug_macro   0x00003dfc       0xee build/main.o
 .debug_macro   0x00003eea       0x28 build/main.o
 .debug_macro   0x00003f12       0x76 build/main.o
 .debug_macro   0x00003f88      0x37e build/main.o
 .debug_macro   0x00004306       0xca build/main.o
 .debug_macro   0x000043d0       0x8e build/main.o
 .debug_macro   0x0000445e       0x46 build/main.o
 .debug_macro   0x000044a4      0xcea build/main.o
 .debug_macro   0x0000518e      0x114 ./deps/libopencm3/lib/libopencm3_stm32f4.a(exti_common_all.o)
 .debug_macro   0x000052a2      0xacc ./deps/libopencm3/lib/libopencm3_stm32f4.a(exti_common_all.o)
 .debug_macro   0x00005d6e       0x56 ./deps/libopencm3/lib/libopencm3_stm32f4.a(exti_common_all.o)
 .debug_macro   0x00005dc4       0x40 ./deps/libopencm3/lib/libopencm3_stm32f4.a(exti_common_all.o)
 .debug_macro   0x00005e04       0xd1 ./deps/libopencm3/lib/libopencm3_stm32f4.a(gpio_common_all.o)
 .debug_macro   0x00005ed5       0xd1 ./deps/libopencm3/lib/libopencm3_stm32f4.a(gpio_common_f0234.o)
 .debug_macro   0x00005fa6       0xf0 ./deps/libopencm3/lib/libopencm3_stm32f4.a(rcc_common_all.o)
 .debug_macro   0x00006096      0x124 ./deps/libopencm3/lib/libopencm3_stm32f4.a(rcc.o)
 .debug_macro   0x000061ba       0x16 ./deps/libopencm3/lib/libopencm3_stm32f4.a(rcc.o)
 .debug_macro   0x000061d0       0x1c ./deps/libopencm3/lib/libopencm3_stm32f4.a(rcc.o)
 .debug_macro   0x000061ec      0x143 ./deps/libopencm3/lib/libopencm3_stm32f4.a(rcc.o)
 .debug_macro   0x0000632f       0x10 ./deps/libopencm3/lib/libopencm3_stm32f4.a(rcc.o)
 .debug_macro   0x0000633f       0xd3 ./deps/libopencm3/lib/libopencm3_stm32f4.a(vector.o)
 .debug_macro   0x00006412      0x452 ./deps/libopencm3/lib/libopencm3_stm32f4.a(vector.o)
 .debug_macro   0x00006864       0xb3 ./deps/libopencm3/lib/libopencm3_stm32f4.a(nvic.o)
 .debug_macro   0x00006917      0x458 ./deps/libopencm3/lib/libopencm3_stm32f4.a(nvic.o)
 .debug_macro   0x00006d6f       0xd7 ./deps/libopencm3/lib/libopencm3_stm32f4.a(flash_common_all.o)
 .debug_macro   0x00006e46       0xd7 ./deps/libopencm3/lib/libopencm3_stm32f4.a(flash_common_idcache.o)
 .debug_macro   0x00006f1d       0xb8 ./deps/libopencm3/lib/libopencm3_stm32f4.a(pwr.o)

.debug_line     0x00000000     0x5f9d
 .debug_line    0x00000000     0x28c8 build/tasks.o
 .debug_line    0x000028c8      0x6c8 build/port.o
 .debug_line    0x00002f90      0x4b9 build/main.o
 .debug_line    0x00003449      0x45d ./deps/libopencm3/lib/libopencm3_stm32f4.a(exti_common_all.o)
 .debug_line    0x000038a6      0x394 ./deps/libopencm3/lib/libopencm3_stm32f4.a(gpio_common_all.o)
 .debug_line    0x00003c3a      0x46f ./deps/libopencm3/lib/libopencm3_stm32f4.a(gpio_common_f0234.o)
 .debug_line    0x000040a9      0x432 ./deps/libopencm3/lib/libopencm3_stm32f4.a(rcc_common_all.o)
 .debug_line    0x000044db      0xa9b ./deps/libopencm3/lib/libopencm3_stm32f4.a(rcc.o)
 .debug_line    0x00004f76      0x3c8 ./deps/libopencm3/lib/libopencm3_stm32f4.a(vector.o)
 .debug_line    0x0000533e      0x36d ./deps/libopencm3/lib/libopencm3_stm32f4.a(nvic.o)
 .debug_line    0x000056ab      0x334 ./deps/libopencm3/lib/libopencm3_stm32f4.a(flash_common_all.o)
 .debug_line    0x000059df      0x34d ./deps/libopencm3/lib/libopencm3_stm32f4.a(flash_common_idcache.o)
 .debug_line    0x00005d2c      0x271 ./deps/libopencm3/lib/libopencm3_stm32f4.a(pwr.o)

.debug_str      0x00000000    0x19717
 .debug_str     0x00000000    0x19717 build/tasks.o
                               0xdce1 (size before relaxing)
 .debug_str     0x00019717     0x9a18 build/port.o
 .debug_str     0x00019717    0x10d6c build/main.o
 .debug_str     0x00019717     0x6cf5 ./deps/libopencm3/lib/libopencm3_stm32f4.a(exti_common_all.o)
 .debug_str     0x00019717     0x6740 ./deps/libopencm3/lib/libopencm3_stm32f4.a(gpio_common_all.o)
 .debug_str     0x00019717     0x6762 ./deps/libopencm3/lib/libopencm3_stm32f4.a(gpio_common_f0234.o)
 .debug_str     0x00019717     0x9aff ./deps/libopencm3/lib/libopencm3_stm32f4.a(rcc_common_all.o)
 .debug_str     0x00019717     0xa374 ./deps/libopencm3/lib/libopencm3_stm32f4.a(rcc.o)
 .debug_str     0x00019717     0x6ff5 ./deps/libopencm3/lib/libopencm3_stm32f4.a(vector.o)
 .debug_str     0x00019717     0x6275 ./deps/libopencm3/lib/libopencm3_stm32f4.a(nvic.o)
 .debug_str     0x00019717     0x5a97 ./deps/libopencm3/lib/libopencm3_stm32f4.a(flash_common_all.o)
 .debug_str     0x00019717     0x5ab9 ./deps/libopencm3/lib/libopencm3_stm32f4.a(flash_common_idcache.o)
 .debug_str     0x00019717     0x5713 ./deps/libopencm3/lib/libopencm3_stm32f4.a(pwr.o)

.comment        0x00000000       0x44
 .comment       0x00000000       0x44 build/tasks.o
                                 0x45 (size before relaxing)
 .comment       0x00000044       0x45 build/port.o
 .comment       0x00000044       0x45 build/main.o
 .comment       0x00000044       0x45 ./deps/libopencm3/lib/libopencm3_stm32f4.a(exti_common_all.o)
 .comment       0x00000044       0x45 ./deps/libopencm3/lib/libopencm3_stm32f4.a(gpio_common_all.o)
 .comment       0x00000044       0x45 ./deps/libopencm3/lib/libopencm3_stm32f4.a(gpio_common_f0234.o)
 .comment       0x00000044       0x45 ./deps/libopencm3/lib/libopencm3_stm32f4.a(rcc_common_all.o)
 .comment       0x00000044       0x45 ./deps/libopencm3/lib/libopencm3_stm32f4.a(rcc.o)
 .comment       0x00000044       0x45 ./deps/libopencm3/lib/libopencm3_stm32f4.a(vector.o)
 .comment       0x00000044       0x45 ./deps/libopencm3/lib/libopencm3_stm32f4.a(nvic.o)
 .comment       0x00000044       0x45 ./deps/libopencm3/lib/libopencm3_stm32f4.a(flash_common_all.o)
 .comment       0x00000044       0x45 ./deps/libopencm3/lib/libopencm3_stm32f4.a(flash_common_idcache.o)
 .comment       0x00000044       0x45 ./deps/libopencm3/lib/libopencm3_stm32f4.a(pwr.o)

.ARM.attributes
                0x00000000       0x34
 .ARM.attributes
                0x00000000       0x34 build/tasks.o
 .ARM.attributes
                0x00000034       0x34 build/port.o
 .ARM.attributes
                0x00000068       0x34 build/main.o
 .ARM.attributes
                0x0000009c       0x34 ./deps/libopencm3/lib/libopencm3_stm32f4.a(exti_common_all.o)
 .ARM.attributes
                0x000000d0       0x34 ./deps/libopencm3/lib/libopencm3_stm32f4.a(gpio_common_all.o)
 .ARM.attributes
                0x00000104       0x34 ./deps/libopencm3/lib/libopencm3_stm32f4.a(gpio_common_f0234.o)
 .ARM.attributes
                0x00000138       0x34 ./deps/libopencm3/lib/libopencm3_stm32f4.a(rcc_common_all.o)
 .ARM.attributes
                0x0000016c       0x34 ./deps/libopencm3/lib/libopencm3_stm32f4.a(rcc.o)
 .ARM.attributes
                0x000001a0       0x34 ./deps/libopencm3/lib/libopencm3_stm32f4.a(vector.o)
 .ARM.attributes
                0x000001d4       0x34 ./deps/libopencm3/lib/libopencm3_stm32f4.a(nvic.o)
 .ARM.attributes
                0x00000208       0x34 ./deps/libopencm3/lib/libopencm3_stm32f4.a(flash_common_all.o)
 .ARM.attributes
                0x0000023c       0x34 ./deps/libopencm3/lib/libopencm3_stm32f4.a(flash_common_idcache.o)
 .ARM.attributes
                0x00000270       0x34 ./deps/libopencm3/lib/libopencm3_stm32f4.a(pwr.o)

.debug_frame    0x00000000      0xd64
 .debug_frame   0x00000000      0x5c4 build/tasks.o
 .debug_frame   0x000005c4      0x100 build/port.o
 .debug_frame   0x000006c4       0x48 build/main.o
 .debug_frame   0x0000070c       0x88 ./deps/libopencm3/lib/libopencm3_stm32f4.a(exti_common_all.o)
 .debug_frame   0x00000794       0x80 ./deps/libopencm3/lib/libopencm3_stm32f4.a(gpio_common_all.o)
 .debug_frame   0x00000814       0x70 ./deps/libopencm3/lib/libopencm3_stm32f4.a(gpio_common_f0234.o)
 .debug_frame   0x00000884       0xe0 ./deps/libopencm3/lib/libopencm3_stm32f4.a(rcc_common_all.o)
 .debug_frame   0x00000964      0x234 ./deps/libopencm3/lib/libopencm3_stm32f4.a(rcc.o)
 .debug_frame   0x00000b98       0x4c ./deps/libopencm3/lib/libopencm3_stm32f4.a(vector.o)
 .debug_frame   0x00000be4       0xa0 ./deps/libopencm3/lib/libopencm3_stm32f4.a(nvic.o)
 .debug_frame   0x00000c84       0x50 ./deps/libopencm3/lib/libopencm3_stm32f4.a(flash_common_all.o)
 .debug_frame   0x00000cd4       0x70 ./deps/libopencm3/lib/libopencm3_stm32f4.a(flash_common_idcache.o)
 .debug_frame   0x00000d44       0x20 ./deps/libopencm3/lib/libopencm3_stm32f4.a(pwr.o)

Cross Reference Table

Symbol                                            File
__fini_array_end                                  ./deps/libopencm3/lib/libopencm3_stm32f4.a(vector.o)
__fini_array_start                                ./deps/libopencm3/lib/libopencm3_stm32f4.a(vector.o)
__init_array_end                                  ./deps/libopencm3/lib/libopencm3_stm32f4.a(vector.o)
__init_array_start                                ./deps/libopencm3/lib/libopencm3_stm32f4.a(vector.o)
__preinit_array_end                               ./deps/libopencm3/lib/libopencm3_stm32f4.a(vector.o)
__preinit_array_start                             ./deps/libopencm3/lib/libopencm3_stm32f4.a(vector.o)
_data                                             ./deps/libopencm3/lib/libopencm3_stm32f4.a(vector.o)
_data_loadaddr                                    ./deps/libopencm3/lib/libopencm3_stm32f4.a(vector.o)
_ebss                                             ./deps/libopencm3/lib/libopencm3_stm32f4.a(vector.o)
_edata                                            ./deps/libopencm3/lib/libopencm3_stm32f4.a(vector.o)
_stack                                            ./deps/libopencm3/lib/libopencm3_stm32f4.a(vector.o)
adc_isr                                           ./deps/libopencm3/lib/libopencm3_stm32f4.a(vector.o)
blocking_handler                                  ./deps/libopencm3/lib/libopencm3_stm32f4.a(vector.o)
bus_fault_handler                                 ./deps/libopencm3/lib/libopencm3_stm32f4.a(vector.o)
can1_rx0_isr                                      ./deps/libopencm3/lib/libopencm3_stm32f4.a(vector.o)
can1_rx1_isr                                      ./deps/libopencm3/lib/libopencm3_stm32f4.a(vector.o)
can1_sce_isr                                      ./deps/libopencm3/lib/libopencm3_stm32f4.a(vector.o)
can1_tx_isr                                       ./deps/libopencm3/lib/libopencm3_stm32f4.a(vector.o)
can2_rx0_isr                                      ./deps/libopencm3/lib/libopencm3_stm32f4.a(vector.o)
can2_rx1_isr                                      ./deps/libopencm3/lib/libopencm3_stm32f4.a(vector.o)
can2_sce_isr                                      ./deps/libopencm3/lib/libopencm3_stm32f4.a(vector.o)
can2_tx_isr                                       ./deps/libopencm3/lib/libopencm3_stm32f4.a(vector.o)
cryp_isr                                          ./deps/libopencm3/lib/libopencm3_stm32f4.a(vector.o)
dcmi_isr                                          ./deps/libopencm3/lib/libopencm3_stm32f4.a(vector.o)
debug_monitor_handler                             ./deps/libopencm3/lib/libopencm3_stm32f4.a(vector.o)
dma1_stream0_isr                                  ./deps/libopencm3/lib/libopencm3_stm32f4.a(vector.o)
dma1_stream1_isr                                  ./deps/libopencm3/lib/libopencm3_stm32f4.a(vector.o)
dma1_stream2_isr                                  ./deps/libopencm3/lib/libopencm3_stm32f4.a(vector.o)
dma1_stream3_isr                                  ./deps/libopencm3/lib/libopencm3_stm32f4.a(vector.o)
dma1_stream4_isr                                  ./deps/libopencm3/lib/libopencm3_stm32f4.a(vector.o)
dma1_stream5_isr                                  ./deps/libopencm3/lib/libopencm3_stm32f4.a(vector.o)
dma1_stream6_isr                                  ./deps/libopencm3/lib/libopencm3_stm32f4.a(vector.o)
dma1_stream7_isr                                  ./deps/libopencm3/lib/libopencm3_stm32f4.a(vector.o)
dma2_stream0_isr                                  ./deps/libopencm3/lib/libopencm3_stm32f4.a(vector.o)
dma2_stream1_isr                                  ./deps/libopencm3/lib/libopencm3_stm32f4.a(vector.o)
dma2_stream2_isr                                  ./deps/libopencm3/lib/libopencm3_stm32f4.a(vector.o)
dma2_stream3_isr                                  ./deps/libopencm3/lib/libopencm3_stm32f4.a(vector.o)
dma2_stream4_isr                                  ./deps/libopencm3/lib/libopencm3_stm32f4.a(vector.o)
dma2_stream5_isr                                  ./deps/libopencm3/lib/libopencm3_stm32f4.a(vector.o)
dma2_stream6_isr                                  ./deps/libopencm3/lib/libopencm3_stm32f4.a(vector.o)
dma2_stream7_isr                                  ./deps/libopencm3/lib/libopencm3_stm32f4.a(vector.o)
dma2d_isr                                         ./deps/libopencm3/lib/libopencm3_stm32f4.a(vector.o)
eTaskGetState                                     build/tasks.o
eth_isr                                           ./deps/libopencm3/lib/libopencm3_stm32f4.a(vector.o)
eth_wkup_isr                                      ./deps/libopencm3/lib/libopencm3_stm32f4.a(vector.o)
exti0_isr                                         ./deps/libopencm3/lib/libopencm3_stm32f4.a(vector.o)
exti15_10_isr                                     build/main.o
exti1_isr                                         ./deps/libopencm3/lib/libopencm3_stm32f4.a(vector.o)
exti2_isr                                         ./deps/libopencm3/lib/libopencm3_stm32f4.a(vector.o)
exti3_isr                                         ./deps/libopencm3/lib/libopencm3_stm32f4.a(vector.o)
exti4_isr                                         ./deps/libopencm3/lib/libopencm3_stm32f4.a(vector.o)
exti9_5_isr                                       ./deps/libopencm3/lib/libopencm3_stm32f4.a(vector.o)
exti_disable_request                              ./deps/libopencm3/lib/libopencm3_stm32f4.a(exti_common_all.o)
exti_enable_request                               ./deps/libopencm3/lib/libopencm3_stm32f4.a(exti_common_all.o)
                                                  build/main.o
exti_get_flag_status                              ./deps/libopencm3/lib/libopencm3_stm32f4.a(exti_common_all.o)
                                                  build/main.o
exti_reset_request                                ./deps/libopencm3/lib/libopencm3_stm32f4.a(exti_common_all.o)
                                                  build/main.o
exti_select_source                                ./deps/libopencm3/lib/libopencm3_stm32f4.a(exti_common_all.o)
                                                  build/main.o
exti_set_trigger                                  ./deps/libopencm3/lib/libopencm3_stm32f4.a(exti_common_all.o)
                                                  build/main.o
flash_dcache_disable                              ./deps/libopencm3/lib/libopencm3_stm32f4.a(flash_common_idcache.o)
                                                  ./deps/libopencm3/lib/libopencm3_stm32f4.a(rcc.o)
flash_dcache_enable                               ./deps/libopencm3/lib/libopencm3_stm32f4.a(flash_common_idcache.o)
                                                  ./deps/libopencm3/lib/libopencm3_stm32f4.a(rcc.o)
flash_dcache_reset                                ./deps/libopencm3/lib/libopencm3_stm32f4.a(flash_common_idcache.o)
flash_icache_disable                              ./deps/libopencm3/lib/libopencm3_stm32f4.a(flash_common_idcache.o)
                                                  ./deps/libopencm3/lib/libopencm3_stm32f4.a(rcc.o)
flash_icache_enable                               ./deps/libopencm3/lib/libopencm3_stm32f4.a(flash_common_idcache.o)
                                                  ./deps/libopencm3/lib/libopencm3_stm32f4.a(rcc.o)
flash_icache_reset                                ./deps/libopencm3/lib/libopencm3_stm32f4.a(flash_common_idcache.o)
flash_isr                                         ./deps/libopencm3/lib/libopencm3_stm32f4.a(vector.o)
flash_prefetch_disable                            ./deps/libopencm3/lib/libopencm3_stm32f4.a(flash_common_all.o)
flash_prefetch_enable                             ./deps/libopencm3/lib/libopencm3_stm32f4.a(flash_common_all.o)
flash_set_ws                                      ./deps/libopencm3/lib/libopencm3_stm32f4.a(flash_common_all.o)
                                                  ./deps/libopencm3/lib/libopencm3_stm32f4.a(rcc.o)
flash_unlock_option_bytes                         ./deps/libopencm3/lib/libopencm3_stm32f4.a(flash_common_all.o)
fpu_isr                                           ./deps/libopencm3/lib/libopencm3_stm32f4.a(vector.o)
fsmc_isr                                          ./deps/libopencm3/lib/libopencm3_stm32f4.a(vector.o)
gpio_clear                                        ./deps/libopencm3/lib/libopencm3_stm32f4.a(gpio_common_all.o)
gpio_get                                          ./deps/libopencm3/lib/libopencm3_stm32f4.a(gpio_common_all.o)
gpio_mode_setup                                   ./deps/libopencm3/lib/libopencm3_stm32f4.a(gpio_common_f0234.o)
                                                  build/setup.o
                                                  build/main.o
gpio_port_config_lock                             ./deps/libopencm3/lib/libopencm3_stm32f4.a(gpio_common_all.o)
gpio_port_read                                    ./deps/libopencm3/lib/libopencm3_stm32f4.a(gpio_common_all.o)
gpio_port_write                                   ./deps/libopencm3/lib/libopencm3_stm32f4.a(gpio_common_all.o)
gpio_set                                          ./deps/libopencm3/lib/libopencm3_stm32f4.a(gpio_common_all.o)
gpio_set_af                                       ./deps/libopencm3/lib/libopencm3_stm32f4.a(gpio_common_f0234.o)
gpio_set_output_options                           ./deps/libopencm3/lib/libopencm3_stm32f4.a(gpio_common_f0234.o)
gpio_toggle                                       ./deps/libopencm3/lib/libopencm3_stm32f4.a(gpio_common_all.o)
                                                  build/main.o
hard_fault_handler                                ./deps/libopencm3/lib/libopencm3_stm32f4.a(vector.o)
hash_rng_isr                                      ./deps/libopencm3/lib/libopencm3_stm32f4.a(vector.o)
i2c1_er_isr                                       ./deps/libopencm3/lib/libopencm3_stm32f4.a(vector.o)
i2c1_ev_isr                                       ./deps/libopencm3/lib/libopencm3_stm32f4.a(vector.o)
i2c2_er_isr                                       ./deps/libopencm3/lib/libopencm3_stm32f4.a(vector.o)
i2c2_ev_isr                                       ./deps/libopencm3/lib/libopencm3_stm32f4.a(vector.o)
i2c3_er_isr                                       ./deps/libopencm3/lib/libopencm3_stm32f4.a(vector.o)
i2c3_ev_isr                                       ./deps/libopencm3/lib/libopencm3_stm32f4.a(vector.o)
lcd_tft_err_isr                                   ./deps/libopencm3/lib/libopencm3_stm32f4.a(vector.o)
lcd_tft_isr                                       ./deps/libopencm3/lib/libopencm3_stm32f4.a(vector.o)
main                                              build/main.o
                                                  ./deps/libopencm3/lib/libopencm3_stm32f4.a(vector.o)
mem_manage_handler                                ./deps/libopencm3/lib/libopencm3_stm32f4.a(vector.o)
memcpy                                            /opt/gcc_arm_13_2/bin/../lib/gcc/arm-none-eabi/13.2.1/../../../../arm-none-eabi/lib/thumb/v7e-m+fp/hard/libc_nano.a(libc_a-memcpy-stub.o)
                                                  build/queue.o
memset                                            /opt/gcc_arm_13_2/bin/../lib/gcc/arm-none-eabi/13.2.1/../../../../arm-none-eabi/lib/thumb/v7e-m+fp/hard/libc_nano.a(libc_a-memset.o)
                                                  build/heap_4.o
                                                  build/tasks.o
nmi_handler                                       ./deps/libopencm3/lib/libopencm3_stm32f4.a(vector.o)
null_handler                                      ./deps/libopencm3/lib/libopencm3_stm32f4.a(vector.o)
nvic_clear_pending_irq                            ./deps/libopencm3/lib/libopencm3_stm32f4.a(nvic.o)
nvic_disable_irq                                  ./deps/libopencm3/lib/libopencm3_stm32f4.a(nvic.o)
nvic_enable_irq                                   ./deps/libopencm3/lib/libopencm3_stm32f4.a(nvic.o)
                                                  build/main.o
nvic_generate_software_interrupt                  ./deps/libopencm3/lib/libopencm3_stm32f4.a(nvic.o)
nvic_get_active_irq                               ./deps/libopencm3/lib/libopencm3_stm32f4.a(nvic.o)
nvic_get_irq_enabled                              ./deps/libopencm3/lib/libopencm3_stm32f4.a(nvic.o)
nvic_get_pending_irq                              ./deps/libopencm3/lib/libopencm3_stm32f4.a(nvic.o)
nvic_set_pending_irq                              ./deps/libopencm3/lib/libopencm3_stm32f4.a(nvic.o)
nvic_set_priority                                 ./deps/libopencm3/lib/libopencm3_stm32f4.a(nvic.o)
nvic_wwdg_isr                                     ./deps/libopencm3/lib/libopencm3_stm32f4.a(vector.o)
otg_fs_isr                                        ./deps/libopencm3/lib/libopencm3_stm32f4.a(vector.o)
otg_hs_ep1_in_isr                                 ./deps/libopencm3/lib/libopencm3_stm32f4.a(vector.o)
otg_hs_ep1_out_isr                                ./deps/libopencm3/lib/libopencm3_stm32f4.a(vector.o)
otg_hs_isr                                        ./deps/libopencm3/lib/libopencm3_stm32f4.a(vector.o)
otg_hs_wkup_isr                                   ./deps/libopencm3/lib/libopencm3_stm32f4.a(vector.o)
pcQueueGetName                                    build/queue.o
pcTaskGetName                                     build/tasks.o
pcTimerGetName                                    build/timers.o
pend_sv_handler                                   build/port.o
pvPortCalloc                                      build/heap_4.o
pvPortMalloc                                      build/heap_4.o
                                                  build/event_groups.o
                                                  build/timers.o
                                                  build/queue.o
                                                  build/tasks.o
pvTaskIncrementMutexHeldCount                     build/tasks.o
                                                  build/queue.o
pvTimerGetTimerID                                 build/timers.o
pvd_isr                                           ./deps/libopencm3/lib/libopencm3_stm32f4.a(vector.o)
pwr_set_vos_scale                                 ./deps/libopencm3/lib/libopencm3_stm32f4.a(pwr.o)
                                                  ./deps/libopencm3/lib/libopencm3_stm32f4.a(rcc.o)
pxCurrentTCB                                      build/tasks.o
                                                  build/port.o
pxPortInitialiseStack                             build/port.o
                                                  build/tasks.o
rcc_ahb_frequency                                 ./deps/libopencm3/lib/libopencm3_stm32f4.a(rcc.o)
rcc_apb1_frequency                                ./deps/libopencm3/lib/libopencm3_stm32f4.a(rcc.o)
rcc_apb2_frequency                                ./deps/libopencm3/lib/libopencm3_stm32f4.a(rcc.o)
rcc_clock_setup_hse_3v3                           ./deps/libopencm3/lib/libopencm3_stm32f4.a(rcc.o)
rcc_clock_setup_pll                               ./deps/libopencm3/lib/libopencm3_stm32f4.a(rcc.o)
                                                  build/main.o
rcc_css_disable                                   ./deps/libopencm3/lib/libopencm3_stm32f4.a(rcc.o)
rcc_css_enable                                    ./deps/libopencm3/lib/libopencm3_stm32f4.a(rcc.o)
rcc_css_int_clear                                 ./deps/libopencm3/lib/libopencm3_stm32f4.a(rcc.o)
rcc_css_int_flag                                  ./deps/libopencm3/lib/libopencm3_stm32f4.a(rcc.o)
rcc_get_div_from_hpre                             ./deps/libopencm3/lib/libopencm3_stm32f4.a(rcc_common_all.o)
rcc_get_i2c_clk_freq                              ./deps/libopencm3/lib/libopencm3_stm32f4.a(rcc.o)
rcc_get_spi_clk_freq                              ./deps/libopencm3/lib/libopencm3_stm32f4.a(rcc.o)
rcc_get_timer_clk_freq                            ./deps/libopencm3/lib/libopencm3_stm32f4.a(rcc.o)
rcc_get_usart_clk_freq                            ./deps/libopencm3/lib/libopencm3_stm32f4.a(rcc.o)
rcc_hse_12mhz_3v3                                 ./deps/libopencm3/lib/libopencm3_stm32f4.a(rcc.o)
rcc_hse_16mhz_3v3                                 ./deps/libopencm3/lib/libopencm3_stm32f4.a(rcc.o)
                                                  build/main.o
rcc_hse_25mhz_3v3                                 ./deps/libopencm3/lib/libopencm3_stm32f4.a(rcc.o)
rcc_hse_8mhz_3v3                                  ./deps/libopencm3/lib/libopencm3_stm32f4.a(rcc.o)
rcc_hsi_configs                                   ./deps/libopencm3/lib/libopencm3_stm32f4.a(rcc.o)
rcc_is_osc_ready                                  ./deps/libopencm3/lib/libopencm3_stm32f4.a(rcc.o)
rcc_isr                                           ./deps/libopencm3/lib/libopencm3_stm32f4.a(vector.o)
rcc_osc_bypass_disable                            ./deps/libopencm3/lib/libopencm3_stm32f4.a(rcc_common_all.o)
rcc_osc_bypass_enable                             ./deps/libopencm3/lib/libopencm3_stm32f4.a(rcc_common_all.o)
rcc_osc_off                                       ./deps/libopencm3/lib/libopencm3_stm32f4.a(rcc.o)
rcc_osc_on                                        ./deps/libopencm3/lib/libopencm3_stm32f4.a(rcc.o)
rcc_osc_ready_int_clear                           ./deps/libopencm3/lib/libopencm3_stm32f4.a(rcc.o)
rcc_osc_ready_int_disable                         ./deps/libopencm3/lib/libopencm3_stm32f4.a(rcc.o)
rcc_osc_ready_int_enable                          ./deps/libopencm3/lib/libopencm3_stm32f4.a(rcc.o)
rcc_osc_ready_int_flag                            ./deps/libopencm3/lib/libopencm3_stm32f4.a(rcc.o)
rcc_periph_clock_disable                          ./deps/libopencm3/lib/libopencm3_stm32f4.a(rcc_common_all.o)
rcc_periph_clock_enable                           ./deps/libopencm3/lib/libopencm3_stm32f4.a(rcc_common_all.o)
                                                  ./deps/libopencm3/lib/libopencm3_stm32f4.a(rcc.o)
                                                  build/setup.o
                                                  build/main.o
rcc_periph_reset_hold                             ./deps/libopencm3/lib/libopencm3_stm32f4.a(rcc_common_all.o)
rcc_periph_reset_pulse                            ./deps/libopencm3/lib/libopencm3_stm32f4.a(rcc_common_all.o)
rcc_periph_reset_release                          ./deps/libopencm3/lib/libopencm3_stm32f4.a(rcc_common_all.o)
rcc_peripheral_clear_reset                        ./deps/libopencm3/lib/libopencm3_stm32f4.a(rcc_common_all.o)
rcc_peripheral_disable_clock                      ./deps/libopencm3/lib/libopencm3_stm32f4.a(rcc_common_all.o)
rcc_peripheral_enable_clock                       ./deps/libopencm3/lib/libopencm3_stm32f4.a(rcc_common_all.o)
rcc_peripheral_reset                              ./deps/libopencm3/lib/libopencm3_stm32f4.a(rcc_common_all.o)
rcc_plli2s_config                                 ./deps/libopencm3/lib/libopencm3_stm32f4.a(rcc.o)
rcc_pllsai_config                                 ./deps/libopencm3/lib/libopencm3_stm32f4.a(rcc.o)
rcc_pllsai_postscalers                            ./deps/libopencm3/lib/libopencm3_stm32f4.a(rcc.o)
rcc_set_hpre                                      ./deps/libopencm3/lib/libopencm3_stm32f4.a(rcc.o)
rcc_set_main_pll_hse                              ./deps/libopencm3/lib/libopencm3_stm32f4.a(rcc.o)
rcc_set_main_pll_hsi                              ./deps/libopencm3/lib/libopencm3_stm32f4.a(rcc.o)
rcc_set_mco                                       ./deps/libopencm3/lib/libopencm3_stm32f4.a(rcc_common_all.o)
rcc_set_pll_source                                ./deps/libopencm3/lib/libopencm3_stm32f4.a(rcc.o)
rcc_set_ppre1                                     ./deps/libopencm3/lib/libopencm3_stm32f4.a(rcc.o)
rcc_set_ppre2                                     ./deps/libopencm3/lib/libopencm3_stm32f4.a(rcc.o)
rcc_set_rtcpre                                    ./deps/libopencm3/lib/libopencm3_stm32f4.a(rcc.o)
rcc_set_sysclk_source                             ./deps/libopencm3/lib/libopencm3_stm32f4.a(rcc.o)
rcc_system_clock_source                           ./deps/libopencm3/lib/libopencm3_stm32f4.a(rcc.o)
rcc_wait_for_osc_ready                            ./deps/libopencm3/lib/libopencm3_stm32f4.a(rcc.o)
rcc_wait_for_sysclk_status                        ./deps/libopencm3/lib/libopencm3_stm32f4.a(rcc.o)
reset_handler                                     ./deps/libopencm3/lib/libopencm3_stm32f4.a(vector.o)
rtc_alarm_isr                                     ./deps/libopencm3/lib/libopencm3_stm32f4.a(vector.o)
rtc_wkup_isr                                      ./deps/libopencm3/lib/libopencm3_stm32f4.a(vector.o)
sai1_isr                                          ./deps/libopencm3/lib/libopencm3_stm32f4.a(vector.o)
sdio_isr                                          ./deps/libopencm3/lib/libopencm3_stm32f4.a(vector.o)
spi1_isr                                          ./deps/libopencm3/lib/libopencm3_stm32f4.a(vector.o)
spi2_isr                                          ./deps/libopencm3/lib/libopencm3_stm32f4.a(vector.o)
spi3_isr                                          ./deps/libopencm3/lib/libopencm3_stm32f4.a(vector.o)
spi4_isr                                          ./deps/libopencm3/lib/libopencm3_stm32f4.a(vector.o)
spi5_isr                                          ./deps/libopencm3/lib/libopencm3_stm32f4.a(vector.o)
spi6_isr                                          ./deps/libopencm3/lib/libopencm3_stm32f4.a(vector.o)
sv_call_handler                                   build/port.o
sys_tick_handler                                  build/port.o
system_setup                                      build/setup.o
tamp_stamp_isr                                    ./deps/libopencm3/lib/libopencm3_stm32f4.a(vector.o)
tim1_brk_tim9_isr                                 ./deps/libopencm3/lib/libopencm3_stm32f4.a(vector.o)
tim1_cc_isr                                       ./deps/libopencm3/lib/libopencm3_stm32f4.a(vector.o)
tim1_trg_com_tim11_isr                            ./deps/libopencm3/lib/libopencm3_stm32f4.a(vector.o)
tim1_up_tim10_isr                                 ./deps/libopencm3/lib/libopencm3_stm32f4.a(vector.o)
tim2_isr                                          ./deps/libopencm3/lib/libopencm3_stm32f4.a(vector.o)
tim3_isr                                          ./deps/libopencm3/lib/libopencm3_stm32f4.a(vector.o)
tim4_isr                                          ./deps/libopencm3/lib/libopencm3_stm32f4.a(vector.o)
tim5_isr                                          ./deps/libopencm3/lib/libopencm3_stm32f4.a(vector.o)
tim6_dac_isr                                      ./deps/libopencm3/lib/libopencm3_stm32f4.a(vector.o)
tim7_isr                                          ./deps/libopencm3/lib/libopencm3_stm32f4.a(vector.o)
tim8_brk_tim12_isr                                ./deps/libopencm3/lib/libopencm3_stm32f4.a(vector.o)
tim8_cc_isr                                       ./deps/libopencm3/lib/libopencm3_stm32f4.a(vector.o)
tim8_trg_com_tim14_isr                            ./deps/libopencm3/lib/libopencm3_stm32f4.a(vector.o)
tim8_up_tim13_isr                                 ./deps/libopencm3/lib/libopencm3_stm32f4.a(vector.o)
uart4_isr                                         ./deps/libopencm3/lib/libopencm3_stm32f4.a(vector.o)
uart5_isr                                         ./deps/libopencm3/lib/libopencm3_stm32f4.a(vector.o)
uart7_isr                                         ./deps/libopencm3/lib/libopencm3_stm32f4.a(vector.o)
uart8_isr                                         ./deps/libopencm3/lib/libopencm3_stm32f4.a(vector.o)
ucQueueGetQueueType                               build/queue.o
ulTaskGenericNotifyTake                           build/tasks.o
ulTaskGenericNotifyValueClear                     build/tasks.o
usage_fault_handler                               ./deps/libopencm3/lib/libopencm3_stm32f4.a(vector.o)
usart1_isr                                        ./deps/libopencm3/lib/libopencm3_stm32f4.a(vector.o)
usart2_isr                                        ./deps/libopencm3/lib/libopencm3_stm32f4.a(vector.o)
usart3_isr                                        ./deps/libopencm3/lib/libopencm3_stm32f4.a(vector.o)
usart6_isr                                        ./deps/libopencm3/lib/libopencm3_stm32f4.a(vector.o)
usb_fs_wkup_isr                                   ./deps/libopencm3/lib/libopencm3_stm32f4.a(vector.o)
uxEventGroupGetNumber                             build/event_groups.o
uxListRemove                                      build/list.o
                                                  build/timers.o
                                                  build/tasks.o
uxQueueGetQueueNumber                             build/queue.o
uxQueueMessagesWaiting                            build/queue.o
uxQueueMessagesWaitingFromISR                     build/queue.o
uxQueueSpacesAvailable                            build/queue.o
uxTaskGetNumberOfTasks                            build/tasks.o
                                                  build/queue.o
uxTaskGetSystemState                              build/tasks.o
uxTaskGetTaskNumber                               build/tasks.o
uxTaskPriorityGet                                 build/tasks.o
uxTaskPriorityGetFromISR                          build/tasks.o
uxTaskResetEventItemValue                         build/tasks.o
                                                  build/event_groups.o
uxTimerGetReloadMode                              build/timers.o
uxTimerGetTimerNumber                             build/timers.o
uxTopUsedPriority                                 build/tasks.o
vEventGroupClearBitsCallback                      build/event_groups.o
vEventGroupDelete                                 build/event_groups.o
vEventGroupSetBitsCallback                        build/event_groups.o
vEventGroupSetNumber                              build/event_groups.o
vListInitialise                                   build/list.o
                                                  build/event_groups.o
                                                  build/timers.o
                                                  build/queue.o
                                                  build/tasks.o
vListInitialiseItem                               build/list.o
                                                  build/timers.o
                                                  build/tasks.o
vListInsert                                       build/list.o
                                                  build/timers.o
                                                  build/tasks.o
vListInsertEnd                                    build/list.o
                                                  build/tasks.o
vPortEndScheduler                                 build/port.o
                                                  build/tasks.o
vPortEnterCritical                                build/port.o
                                                  build/heap_4.o
                                                  build/event_groups.o
                                                  build/timers.o
                                                  build/queue.o
                                                  build/tasks.o
vPortExitCritical                                 build/port.o
                                                  build/heap_4.o
                                                  build/event_groups.o
                                                  build/timers.o
                                                  build/queue.o
                                                  build/tasks.o
vPortFree                                         build/heap_4.o
                                                  build/event_groups.o
                                                  build/timers.o
                                                  build/queue.o
                                                  build/tasks.o
vPortGetHeapStats                                 build/heap_4.o
vPortInitialiseBlocks                             build/heap_4.o
vPortSetupTimerInterrupt                          build/port.o
vPortValidateInterruptPriority                    build/port.o
                                                  build/queue.o
                                                  build/tasks.o
vQueueAddToRegistry                               build/queue.o
                                                  build/timers.o
vQueueDelete                                      build/queue.o
vQueueSetQueueNumber                              build/queue.o
vQueueUnregisterQueue                             build/queue.o
vQueueWaitForMessageRestricted                    build/queue.o
                                                  build/timers.o
vTaskDelay                                        build/tasks.o
vTaskDelete                                       build/tasks.o
vTaskEndScheduler                                 build/tasks.o
vTaskGenericNotifyGiveFromISR                     build/tasks.o
vTaskGetInfo                                      build/tasks.o
vTaskInternalSetTimeOutState                      build/tasks.o
                                                  build/queue.o
vTaskMissedYield                                  build/tasks.o
                                                  build/queue.o
vTaskPlaceOnEventList                             build/tasks.o
                                                  build/queue.o
vTaskPlaceOnEventListRestricted                   build/tasks.o
                                                  build/queue.o
vTaskPlaceOnUnorderedEventList                    build/tasks.o
                                                  build/event_groups.o
vTaskPriorityDisinheritAfterTimeout               build/tasks.o
                                                  build/queue.o
vTaskPrioritySet                                  build/tasks.o
vTaskRemoveFromUnorderedEventList                 build/tasks.o
                                                  build/event_groups.o
vTaskResume                                       build/tasks.o
vTaskSetTaskNumber                                build/tasks.o
vTaskSetTimeOutState                              build/tasks.o
vTaskStartScheduler                               build/tasks.o
vTaskSuspend                                      build/tasks.o
vTaskSuspendAll                                   build/tasks.o
                                                  build/heap_4.o
                                                  build/event_groups.o
                                                  build/timers.o
                                                  build/queue.o
vTaskSwitchContext                                build/tasks.o
                                                  build/port.o
vTimerSetReloadMode                               build/timers.o
vTimerSetTimerID                                  build/timers.o
vTimerSetTimerNumber                              build/timers.o
vector_table                                      ./deps/libopencm3/lib/libopencm3_stm32f4.a(vector.o)
xEventGroupClearBits                              build/event_groups.o
xEventGroupCreate                                 build/event_groups.o
xEventGroupGetBitsFromISR                         build/event_groups.o
xEventGroupSetBits                                build/event_groups.o
xEventGroupSync                                   build/event_groups.o
xEventGroupWaitBits                               build/event_groups.o
xPortGetFreeHeapSize                              build/heap_4.o
xPortGetMinimumEverFreeHeapSize                   build/heap_4.o
xPortStartScheduler                               build/port.o
                                                  build/tasks.o
xQueueCreateCountingSemaphore                     build/queue.o
xQueueCreateMutex                                 build/queue.o
xQueueGenericCreate                               build/queue.o
                                                  build/timers.o
xQueueGenericReset                                build/queue.o
xQueueGenericSend                                 build/queue.o
                                                  build/timers.o
xQueueGenericSendFromISR                          build/queue.o
                                                  build/timers.o
xQueueGiveFromISR                                 build/queue.o
xQueueGiveMutexRecursive                          build/queue.o
xQueueIsQueueEmptyFromISR                         build/queue.o
xQueueIsQueueFullFromISR                          build/queue.o
xQueuePeek                                        build/queue.o
xQueuePeekFromISR                                 build/queue.o
xQueueReceive                                     build/queue.o
                                                  build/timers.o
xQueueReceiveFromISR                              build/queue.o
xQueueRegistry                                    build/queue.o
xQueueSemaphoreTake                               build/queue.o
xQueueTakeMutexRecursive                          build/queue.o
xTaskCatchUpTicks                                 build/tasks.o
xTaskCheckForTimeOut                              build/tasks.o
                                                  build/queue.o
xTaskCreate                                       build/tasks.o
                                                  build/timers.o
xTaskDelayUntil                                   build/tasks.o
xTaskGenericNotify                                build/tasks.o
xTaskGenericNotifyFromISR                         build/tasks.o
xTaskGenericNotifyStateClear                      build/tasks.o
xTaskGenericNotifyWait                            build/tasks.o
xTaskGetCurrentTaskHandle                         build/tasks.o
                                                  build/queue.o
xTaskGetSchedulerState                            build/tasks.o
                                                  build/event_groups.o
                                                  build/timers.o
                                                  build/queue.o
xTaskGetTickCount                                 build/tasks.o
                                                  build/timers.o
xTaskGetTickCountFromISR                          build/tasks.o
xTaskIncrementTick                                build/tasks.o
                                                  build/port.o
xTaskPriorityDisinherit                           build/tasks.o
                                                  build/queue.o
xTaskPriorityInherit                              build/tasks.o
                                                  build/queue.o
xTaskRemoveFromEventList                          build/tasks.o
                                                  build/queue.o
xTaskResumeAll                                    build/tasks.o
                                                  build/heap_4.o
                                                  build/event_groups.o
                                                  build/timers.o
                                                  build/queue.o
xTaskResumeFromISR                                build/tasks.o
xTimerCreate                                      build/timers.o
xTimerCreateTimerTask                             build/timers.o
                                                  build/tasks.o
xTimerGenericCommand                              build/timers.o
xTimerGetExpiryTime                               build/timers.o
xTimerGetPeriod                                   build/timers.o
xTimerGetReloadMode                               build/timers.o
xTimerGetTimerDaemonTaskHandle                    build/timers.o
xTimerIsTimerActive                               build/timers.o
